[00:00:29] [Async Chat Thread - #13/INFO]: <kaiyuanxi00> what is a ghast tear
[00:00:40] [Async Chat Thread - #13/INFO]: <kaiyuanxi00> how does one do that
[00:00:46] [Async Chat Thread - #13/INFO]: <kaiyuanxi00> what
[00:00:53] [Async Chat Thread - #13/INFO]: <kaiyuanxi00> its so loud
[00:01:01] [Async Chat Thread - #13/INFO]: <kaiyuanxi00> so what can i do with a ghast tear
[00:01:15] [Async Chat Thread - #13/INFO]: <ClamyHatz> turn blaze rod into regen potion
[00:01:21] [Async Chat Thread - #13/INFO]: <kaiyuanxi00> oh
[00:01:24] [Async Chat Thread - #13/INFO]: <kaiyuanxi00> idk whats that
[00:01:37] [Server thread/INFO]: Blamamn lost connection: Disconnected
[00:01:37] [Server thread/INFO]: Blamamn left the game
[00:01:42] [User Authenticator #3/INFO]: UUID of player Blamamn is 98d9a08b-dfdc-40bb-a0fc-92427de4008b
[00:01:43] [Server thread/INFO]: Blamamn joined the game
[00:01:43] [Server thread/INFO]: Blamamn[/72.111.46.139:63512] logged in with entity id 43040 at ([hardcore]581.6999999880791, -34.72867307741304, 18.30000001192093)
[00:01:54] [Server thread/INFO]: ClamyHatz issued server command: /pause
[00:02:57] [Server thread/INFO]: ClamyHatz issued server command: /mvtp Blamamn ll:hardcore
[00:03:16] [Server thread/INFO]: ClamyHatz issued server command: /mvtp Blamamn pl:ClamyHatz
[00:03:27] [Server thread/INFO]: ClamyHatz issued server command: /pause
[00:05:23] [Server thread/INFO]: kaiyuanxi00 has made the advancement [Monster Hunter]
[00:07:10] [Server thread/INFO]: ClamyHatz has made the advancement [Sweet Dreams]
[00:07:28] [Server thread/INFO]: Blamamn has made the advancement [Sweet Dreams]
[00:13:09] [Server thread/INFO]: ClamyHatz has made the advancement [Best Friends Forever]
[00:15:00] [Async Chat Thread - #15/INFO]: <kaiyuanxi00> i didnt hit anyone
[00:15:03] [Server thread/INFO]: 7dju has made the advancement [Who is Cutting Onions?]
[00:15:05] [Async Chat Thread - #15/INFO]: <kaiyuanxi00> i just appeared
[00:15:09] [Async Chat Thread - #15/INFO]: <kaiyuanxi00> ;-;
[00:18:22] [Server thread/INFO]: kaiyuanxi00 has made the advancement [Hot Stuff]
[00:19:01] [Server thread/INFO]: 7dju has made the advancement [Take Aim]
[00:22:36] [Server thread/INFO]: 7dju has completed the challenge [Hot Tourist Destinations]
[00:24:58] [Async Chat Thread - #17/INFO]: <kaiyuanxi00> ;-;
[00:26:47] [Server thread/INFO]: Blamamn has made the advancement [The Cutest Predator]
[00:26:49] [Server thread/WARN]: 7dju was kicked for floating too long!
[00:26:49] [Server thread/INFO]: 7dju lost connection: Flying is not enabled on this server
[00:26:49] [Server thread/INFO]: 7dju left the game
[00:27:00] [User Authenticator #4/INFO]: UUID of player 7dju is a95556cb-2323-4d56-b098-e0d1b75da2de
[00:27:03] [Server thread/INFO]: 7dju joined the game
[00:27:03] [Server thread/INFO]: 7dju[/47.156.161.133:48324] logged in with entity id 53570 at ([hardcore_nether]-488.2108769720365, 94.11274447482063, 141.7740581546071)
[00:27:15] [Server thread/WARN]: 7dju was kicked for floating too long!
[00:27:15] [Server thread/INFO]: 7dju lost connection: Flying is not enabled on this server
[00:27:15] [Server thread/INFO]: 7dju left the game
[00:27:19] [User Authenticator #4/INFO]: UUID of player 7dju is a95556cb-2323-4d56-b098-e0d1b75da2de
[00:27:21] [Server thread/INFO]: 7dju joined the game
[00:27:21] [Server thread/INFO]: 7dju[/47.156.161.133:26015] logged in with entity id 53670 at ([world]9.499052045328042, -59.88725552517937, 10.63008364510008)
[00:27:39] [Server thread/INFO]: ClamyHatz issued server command: /mvtp 7dju pl:ClamyHatz
[00:27:48] [Server thread/INFO]: ClamyHatz issued server command: /gamemode spectator 7dju
[00:27:48] [Server thread/INFO]: [ClamyHatz: Set 7dju's game mode to Spectator Mode]
[00:28:01] [Server thread/INFO]: ClamyHatz issued server command: /gamemode spectator 7dju
[00:28:01] [Server thread/INFO]: [ClamyHatz: Set 7dju's game mode to Spectator Mode]
[00:28:26] [Server thread/WARN]: Blamamn moved too quickly! -1.9700095052814959,2.7531999805212024,-9.443575902523946
[00:28:34] [Server thread/INFO]: ClamyHatz issued server command: /gamemode survival 7dju
[00:28:34] [Server thread/INFO]: [ClamyHatz: Set 7dju's game mode to Survival Mode]
[00:29:32] [Server thread/INFO]: kaiyuanxi00 has made the advancement [Cover Me with Diamonds]
[00:29:53] [Server thread/INFO]: ClamyHatz has made the advancement [Cover Me with Diamonds]
[00:29:54] [Server thread/INFO]: RedLeaf4 has made the advancement [Cover Me with Diamonds]
[00:30:29] [Server thread/INFO]: RedLeaf4 has made the advancement [Diamonds!]
[00:30:50] [Server thread/INFO]: RedLeaf4 has made the advancement [Enchanter]
[00:31:30] [Async Chat Thread - #20/INFO]: <kaiyuanxi00> i dont have lapiz
[00:31:42] [Server thread/WARN]: 7dju was kicked for floating too long!
[00:31:42] [Server thread/INFO]: 7dju lost connection: Flying is not enabled on this server
[00:31:42] [Server thread/INFO]: 7dju left the game
[00:31:57] [User Authenticator #5/INFO]: UUID of player 7dju is a95556cb-2323-4d56-b098-e0d1b75da2de
[00:31:58] [Server thread/INFO]: 7dju joined the game
[00:31:58] [Server thread/INFO]: 7dju[/47.156.161.133:13395] logged in with entity id 55182 at ([hardcore_nether]-514.7683040082745, 95.78947876269956, 126.58198119846237)
[00:32:00] [Server thread/INFO]: ClamyHatz issued server command: /mvtp 7dju pl:ClamyHatz
[00:32:09] [Server thread/INFO]: ClamyHatz issued server command: /mvtp 7dju pl:ClamyHatz
[00:32:14] [Server thread/INFO]: ClamyHatz issued server command: /mvtp 7dju pl:ClamyHatz
[00:32:35] [Server thread/INFO]: ClamyHatz has made the advancement [Enchanter]
[00:32:43] [Server thread/INFO]: kaiyuanxi00 has made the advancement [Enchanter]
[00:33:58] [Server thread/INFO]: 7dju has made the advancement [Cover Me with Diamonds]
[00:35:06] [Server thread/INFO]: ClamyHatz has made the advancement [Diamonds!]
[00:36:36] [Server thread/INFO]: 7dju has made the advancement [Enchanter]
[00:37:49] [Server thread/INFO]: RedLeaf4 has made the advancement [Best Friends Forever]
[00:37:51] [Netty NIO IO #2/INFO]: Disconnecting 7dju for sending keepalive response (18270134) out-of-order!
[00:37:51] [Server thread/INFO]: 7dju lost connection: Timed out
[00:37:51] [Server thread/INFO]: 7dju left the game
[00:37:57] [User Authenticator #6/INFO]: UUID of player 7dju is a95556cb-2323-4d56-b098-e0d1b75da2de
[00:37:58] [Server thread/INFO]: 7dju joined the game
[00:37:58] [Server thread/INFO]: 7dju[/47.156.161.133:16388] logged in with entity id 55873 at ([hardcore]354.91023754200756, 66.0, 117.39458534045094)
[00:38:17] [Server thread/INFO]: ClamyHatz issued server command: /mvtp 7dju pl:ClamyHatz
[00:51:25] [Server thread/INFO]: Villager Villager['Villager'/59928, uuid='54d62e40-deef-468b-996a-27e565435b7c', l='ServerLevel[hardcore]', x=860.28, y=89.00, z=1353.37, cpos=[53, 84], tl=191, v=true] died, message: 'Villager suffocated in a wall'
[00:57:03] [Server thread/WARN]: 7dju was kicked for floating too long!
[00:57:03] [Server thread/INFO]: 7dju lost connection: Flying is not enabled on this server
[00:57:03] [Server thread/INFO]: 7dju left the game
[00:57:10] [User Authenticator #7/INFO]: UUID of player 7dju is a95556cb-2323-4d56-b098-e0d1b75da2de
[00:57:11] [Server thread/INFO]: 7dju joined the game
[00:57:11] [Server thread/INFO]: 7dju[/47.156.161.133:1862] logged in with entity id 62767 at ([hardcore]1356.2580541967534, 79.72249507142548, 2178.979780115812)
[00:58:46] [Server thread/INFO]: ClamyHatz issued server command: /mvtp 7dju pl:ClamyHatz
[01:05:33] [Server thread/INFO]: ClamyHatz has made the advancement [Ice Bucket Challenge]
[01:06:57] [Server thread/INFO]: ClamyHatz issued server command: /locate structure minecraft:stronghold
[01:06:57] [Server thread/INFO]: Locating element minecraft:stronghold took 0 ms
[01:12:16] [Server thread/INFO]: ClamyHatz issued server command: /locate structure minecraft:stronghold
[01:12:16] [Server thread/INFO]: Locating element minecraft:stronghold took 0 ms
[01:12:21] [Server thread/WARN]: 7dju was kicked for floating too long!
[01:12:21] [Server thread/INFO]: 7dju lost connection: Flying is not enabled on this server
[01:12:21] [Server thread/INFO]: 7dju left the game
[01:12:35] [User Authenticator #8/INFO]: UUID of player 7dju is a95556cb-2323-4d56-b098-e0d1b75da2de
[01:12:36] [Server thread/INFO]: 7dju joined the game
[01:12:36] [Server thread/INFO]: 7dju[/47.156.161.133:5041] logged in with entity id 67320 at ([hardcore]688.1571748260211, 0.7894787626995589, 1433.7654530163745)
[01:12:40] [Server thread/INFO]: ClamyHatz issued server command: /mvtp 7dju pl:ClamyHatz
[01:12:44] [Server thread/INFO]: ClamyHatz has made the advancement [Eye Spy]
[01:13:11] [Server thread/INFO]: RedLeaf4 has made the advancement [Eye Spy]
[01:13:22] [Server thread/INFO]: 7dju has made the advancement [Eye Spy]
[01:13:29] [Server thread/INFO]: kaiyuanxi00 has made the advancement [Eye Spy]
[01:14:11] [Server thread/INFO]: Blamamn has made the advancement [Eye Spy]
[01:17:52] [Async Chat Thread - #25/INFO]: <kaiyuanxi00> 3?
[01:25:14] [Async Chat Thread - #27/INFO]: <RedLeaf4> 92, 32, 184
[01:36:42] [Server thread/WARN]: 7dju was kicked for floating too long!
[01:36:42] [Server thread/INFO]: 7dju lost connection: Flying is not enabled on this server
[01:36:42] [Server thread/INFO]: 7dju left the game
[01:36:52] [User Authenticator #9/INFO]: UUID of player 7dju is a95556cb-2323-4d56-b098-e0d1b75da2de
[01:36:54] [Server thread/INFO]: 7dju joined the game
[01:36:54] [Server thread/INFO]: 7dju[/47.156.161.133:56457] logged in with entity id 73678 at ([hardcore_nether]35.52876643368819, 52.11274447482063, 229.82403006174923)
[01:36:55] [Server thread/INFO]: ClamyHatz issued server command: /mvtp 7dju pl:ClamyHatz
[01:37:05] [Server thread/INFO]: 7dju has made the advancement [Oh Shiny]
[01:41:59] [Async Chat Thread - #30/INFO]: <kaiyuanxi00> 7 pork, 10 mutton, 4 steak, 21 sweet berries
[01:50:02] [Server thread/INFO]: Blamamn has made the advancement [The End?]
[01:50:02] [Server thread/INFO]: Scanning for legacy world dragon fight...
[01:50:02] [Server thread/INFO]: Found that the dragon has not yet been killed in this world.
[01:50:26] [Server thread/INFO]: 7dju has made the advancement [The End?]
[01:50:33] [Server thread/INFO]: RedLeaf4 has made the advancement [The End?]
[01:50:36] [Server thread/INFO]: ClamyHatz has made the advancement [The End?]
[01:50:37] [Server thread/INFO]: kaiyuanxi00 has made the advancement [The End?]
[01:52:14] [Server thread/INFO]: Blamamn has made the advancement [Take Aim]
[01:53:46] [Server thread/WARN]: 7dju was kicked for floating too long!
[01:53:46] [Server thread/INFO]: 7dju lost connection: Flying is not enabled on this server
[01:53:46] [Server thread/INFO]: 7dju left the game
[01:53:57] [User Authenticator #10/INFO]: UUID of player 7dju is a95556cb-2323-4d56-b098-e0d1b75da2de
[01:53:59] [Server thread/INFO]: 7dju joined the game
[01:53:59] [Server thread/INFO]: 7dju[/47.156.161.133:15617] logged in with entity id 77603 at ([hardcore_the_end]24.56627971804581, 63.11274447482063, -5.077028903947043)
[01:54:02] [Server thread/INFO]: ClamyHatz issued server command: /mvtp 7dju pl:ClamyHatz
[01:55:53] [Server thread/INFO]: 7dju has made the advancement [Free the End]
[01:55:59] [Server thread/INFO]: Blamamn lost connection: Disconnected
[01:55:59] [Server thread/INFO]: Blamamn left the game
[01:56:36] [Server thread/INFO]: 7dju has reached the goal [The Next Generation]
[01:56:37] [User Authenticator #11/INFO]: UUID of player Blamamn is 98d9a08b-dfdc-40bb-a0fc-92427de4008b
[01:56:39] [Server thread/INFO]: Blamamn joined the game
[01:56:39] [Server thread/INFO]: Blamamn[/72.111.46.139:49969] logged in with entity id 78010 at ([hardcore_the_end]2.380955886307722, 62.0, -16.780844110095348)
[01:56:49] [Server thread/INFO]: ClamyHatz issued server command: /mvtp Blamamn pl:ClamyHatz
[01:57:02] [Server thread/INFO]: A player has died. Hardcore world will reset!
[01:57:02] [Server thread/INFO]: [SimulatedHardcore] Hardcore death detected. Starting reset sequence...
[01:57:02] [Server thread/INFO]: ClamyHatz fell from a high place
[01:57:02] [Server thread/INFO]: Blamamn fell from a high place
[01:57:02] [Server thread/INFO]: 7dju fell from a high place
[01:57:02] [Server thread/INFO]: RedLeaf4 fell from a high place
[01:57:07] [Server thread/INFO]: ClamyHatz issued server command: /stop
[01:57:07] [Server thread/INFO]: [ClamyHatz: Stopping the server]
[01:57:07] [Server thread/INFO]: Stopping server
[01:57:07] [Server thread/INFO]: [Multiverse-Inventories] Disabling Multiverse-Inventories v5.2.2
[01:57:07] [Server thread/INFO]: [Multiverse-NetherPortals] Disabling Multiverse-NetherPortals v5.0.3
[01:57:07] [Server thread/INFO]: [Multiverse-NetherPortals] - Disabled
[01:57:07] [Server thread/INFO]: [SimulatedHardcore] Disabling SimulatedHardcore v2.0
[01:57:07] [Server thread/INFO]: [Multiverse-Portals] Disabling Multiverse-Portals v5.1.1
[01:57:07] [Server thread/INFO]: [Multiverse-Core] Disabling Multiverse-Core v5.3.4
[01:57:07] [Server thread/INFO]: Saving players
[01:57:07] [Server thread/INFO]: kaiyuanxi00 lost connection: Server closed
[01:57:07] [Server thread/INFO]: kaiyuanxi00 left the game
[01:57:07] [Server thread/INFO]: RedLeaf4 lost connection: Server closed
[01:57:07] [Server thread/INFO]: RedLeaf4 left the game
[01:57:07] [Server thread/INFO]: 7dju lost connection: Server closed
[01:57:07] [Server thread/INFO]: 7dju left the game
[01:57:07] [Server thread/INFO]: Blamamn lost connection: Server closed
[01:57:07] [Server thread/INFO]: Blamamn left the game
[01:57:07] [Server thread/INFO]: ClamyHatz lost connection: Server closed
[01:57:08] [Server thread/INFO]: ClamyHatz left the game
[01:57:08] [Server thread/INFO]: Saving worlds
[01:57:08] [Server thread/INFO]: Saving chunks for level 'ServerLevel[world]'/minecraft:overworld
[01:57:08] [Server thread/INFO]: [ChunkHolderManager] Waiting 60s for chunk system to halt for world 'world'
[01:57:08] [Server thread/INFO]: [ChunkHolderManager] Halted chunk system for world 'world'
[01:57:08] [Server thread/INFO]: [ChunkHolderManager] Saving all chunkholders for world 'world'
[01:57:08] [Server thread/INFO]: [ChunkHolderManager] Saved 0 block chunks, 0 entity chunks, 0 poi chunks in world 'world' in 0.03s
[01:57:08] [Server thread/INFO]: [ChunkHolderManager] Waiting 60s for chunk I/O to halt for world 'world'
[01:57:08] [Server thread/INFO]: [ChunkHolderManager] Halted I/O scheduler for world 'world'
[01:57:08] [Server thread/INFO]: Saving chunks for level 'ServerLevel[world_nether]'/minecraft:the_nether
[01:57:08] [Server thread/INFO]: [ChunkHolderManager] Waiting 60s for chunk system to halt for world 'world_nether'
[01:57:08] [Server thread/INFO]: [ChunkHolderManager] Halted chunk system for world 'world_nether'
[01:57:08] [Server thread/INFO]: [ChunkHolderManager] Saving all chunkholders for world 'world_nether'
[01:57:08] [Server thread/INFO]: [ChunkHolderManager] Saved 0 block chunks, 0 entity chunks, 0 poi chunks in world 'world_nether' in 0.00s
[01:57:08] [Server thread/INFO]: [ChunkHolderManager] Waiting 60s for chunk I/O to halt for world 'world_nether'
[01:57:08] [Server thread/INFO]: [ChunkHolderManager] Halted I/O scheduler for world 'world_nether'
[01:57:08] [Server thread/INFO]: Saving chunks for level 'ServerLevel[world_the_end]'/minecraft:the_end
[01:57:08] [Server thread/INFO]: [ChunkHolderManager] Waiting 60s for chunk system to halt for world 'world_the_end'
[01:57:08] [Server thread/INFO]: [ChunkHolderManager] Halted chunk system for world 'world_the_end'
[01:57:08] [Server thread/INFO]: [ChunkHolderManager] Saving all chunkholders for world 'world_the_end'
[01:57:08] [Server thread/INFO]: [ChunkHolderManager] Saved 0 block chunks, 0 entity chunks, 0 poi chunks in world 'world_the_end' in 0.00s
[01:57:08] [Server thread/INFO]: [ChunkHolderManager] Waiting 60s for chunk I/O to halt for world 'world_the_end'
[01:57:08] [Server thread/INFO]: [ChunkHolderManager] Halted I/O scheduler for world 'world_the_end'
[01:57:08] [Server thread/INFO]: Saving chunks for level 'ServerLevel[waiting]'/minecraft:waiting
[01:57:08] [Server thread/INFO]: [ChunkHolderManager] Waiting 60s for chunk system to halt for world 'waiting'
[01:57:08] [Server thread/INFO]: [ChunkHolderManager] Halted chunk system for world 'waiting'
[01:57:08] [Server thread/INFO]: [ChunkHolderManager] Saving all chunkholders for world 'waiting'
[01:57:08] [Server thread/INFO]: [ChunkHolderManager] Saved 0 block chunks, 0 entity chunks, 0 poi chunks in world 'waiting' in 0.00s
[01:57:08] [Server thread/INFO]: [ChunkHolderManager] Waiting 60s for chunk I/O to halt for world 'waiting'
[01:57:08] [Server thread/INFO]: [ChunkHolderManager] Halted I/O scheduler for world 'waiting'
[01:57:08] [Server thread/INFO]: Saving chunks for level 'ServerLevel[hardcore]'/minecraft:hardcore
[01:57:08] [Server thread/INFO]: [ChunkHolderManager] Waiting 60s for chunk system to halt for world 'hardcore'
[01:57:08] [Server thread/INFO]: [ChunkHolderManager] Halted chunk system for world 'hardcore'
[01:57:08] [Server thread/INFO]: [ChunkHolderManager] Saving all chunkholders for world 'hardcore'
[01:57:09] [Server thread/INFO]: [ChunkHolderManager] Saved 1026 block chunks, 1026 entity chunks, 0 poi chunks in world 'hardcore' in 0.85s
[01:57:09] [Server thread/INFO]: [ChunkHolderManager] Waiting 60s for chunk I/O to halt for world 'hardcore'
[01:57:09] [Server thread/INFO]: [ChunkHolderManager] Halted I/O scheduler for world 'hardcore'
[01:57:09] [Server thread/INFO]: Saving chunks for level 'ServerLevel[hardcore_nether]'/minecraft:hardcore_nether
[01:57:09] [Server thread/INFO]: [ChunkHolderManager] Waiting 60s for chunk system to halt for world 'hardcore_nether'
[01:57:09] [Server thread/INFO]: [ChunkHolderManager] Halted chunk system for world 'hardcore_nether'
[01:57:09] [Server thread/INFO]: [ChunkHolderManager] Saving all chunkholders for world 'hardcore_nether'
[01:57:09] [Server thread/INFO]: [ChunkHolderManager] Saved 0 block chunks, 0 entity chunks, 0 poi chunks in world 'hardcore_nether' in 0.01s
[01:57:09] [Server thread/INFO]: [ChunkHolderManager] Waiting 60s for chunk I/O to halt for world 'hardcore_nether'
[01:57:09] [Server thread/INFO]: [ChunkHolderManager] Halted I/O scheduler for world 'hardcore_nether'
[01:57:09] [Server thread/INFO]: Saving chunks for level 'ServerLevel[hardcore_the_end]'/minecraft:hardcore_the_end
[01:57:09] [Server thread/INFO]: [ChunkHolderManager] Waiting 60s for chunk system to halt for world 'hardcore_the_end'
[01:57:09] [Server thread/INFO]: [ChunkHolderManager] Halted chunk system for world 'hardcore_the_end'
[01:57:09] [Server thread/INFO]: [ChunkHolderManager] Saving all chunkholders for world 'hardcore_the_end'
[01:57:09] [Server thread/INFO]: [ChunkHolderManager] Saved 1257 block chunks, 95 entity chunks, 1 poi chunks in world 'hardcore_the_end' in 0.21s
[01:57:09] [Server thread/INFO]: [ChunkHolderManager] Waiting 60s for chunk I/O to halt for world 'hardcore_the_end'
[01:57:09] [Server thread/INFO]: [ChunkHolderManager] Halted I/O scheduler for world 'hardcore_the_end'
[01:57:09] [Server thread/INFO]: ThreadedAnvilChunkStorage (world): All chunks are saved
[01:57:09] [Server thread/INFO]: ThreadedAnvilChunkStorage (DIM-1): All chunks are saved
[01:57:09] [Server thread/INFO]: ThreadedAnvilChunkStorage (DIM1): All chunks are saved
[01:57:09] [Server thread/INFO]: ThreadedAnvilChunkStorage (waiting): All chunks are saved
[01:57:09] [Server thread/INFO]: ThreadedAnvilChunkStorage (hardcore): All chunks are saved
[01:57:09] [Server thread/INFO]: ThreadedAnvilChunkStorage (DIM-1): All chunks are saved
[01:57:09] [Server thread/INFO]: ThreadedAnvilChunkStorage (DIM1): All chunks are saved
[01:57:09] [Server thread/INFO]: ThreadedAnvilChunkStorage: All dimensions are saved
[01:57:09] [Server thread/INFO]: Waiting for all RegionFile I/O tasks to complete...
[01:57:09] [Server thread/INFO]: All RegionFile I/O tasks to complete
[01:57:09] [Server thread/INFO]: [MoonriseCommon] Awaiting termination of worker pool for up to 60s...
[01:57:09] [Server thread/INFO]: [MoonriseCommon] Awaiting termination of I/O pool for up to 60s...
